OK  HB/1138_bus                        n=    1138 nnz=     4054 deg_max=    18 cv=0.51 psym=1.00
OK  HB/494_bus                         n=     494 nnz=     1666 deg_max=    10 cv=0.42 psym=1.00
OK  HB/662_bus                         n=     662 nnz=     2474 deg_max=    10 cv=0.40 psym=1.00
OK  HB/685_bus                         n=     685 nnz=     3249 deg_max=    13 cv=0.38 psym=1.00
OK  HB/arc130                          n=     130 nnz=     1282 deg_max=   124 cv=1.50 psym=0.56
OK  HB/ash292                          n=     292 nnz=     2208 deg_max=    14 cv=0.23 psym=1.00
OK  HB/ash85                           n=      85 nnz=      523 deg_max=    10 cv=0.23 psym=1.00
OK  HB/bcspwr01                        n=      39 nnz=      131 deg_max=     6 cv=0.30 psym=1.00
OK  HB/bcspwr02                        n=      49 nnz=      167 deg_max=     7 cv=0.41 psym=1.00
OK  HB/bcspwr03                        n=     118 nnz=      476 deg_max=    10 cv=0.39 psym=1.00
OK  HB/bcspwr04                        n=     274 nnz=     1612 deg_max=    16 cv=0.56 psym=1.00
OK  HB/bcspwr05                        n=     443 nnz=     1623 deg_max=    10 cv=0.43 psym=1.00
OK  HB/bcspwr06                        n=    1454 nnz=     5300 deg_max=    13 cv=0.43 psym=1.00
OK  HB/bcspwr07                        n=    1612 nnz=     5824 deg_max=    13 cv=0.45 psym=1.00
OK  HB/bcspwr08                        n=    1624 nnz=     6050 deg_max=    14 cv=0.46 psym=1.00
OK  HB/bcspwr09                        n=    1723 nnz=     6511 deg_max=    15 cv=0.46 psym=1.00
OK  HB/bcspwr10                        n=    5300 nnz=    21842 deg_max=    14 cv=0.35 psym=1.00
OK  HB/bcsstk01                        n=      48 nnz=      400 deg_max=    12 cv=0.19 psym=1.00
OK  HB/bcsstk02                        n=      66 nnz=     4356 deg_max=    66 cv=0.00 psym=1.00
OK  HB/bcsstk03                        n=     112 nnz=      640 deg_max=     6 cv=0.10 psym=1.00
OK  HB/bcsstk04                        n=     132 nnz=     3648 deg_max=    46 cv=0.39 psym=1.00
OK  HB/bcsstk05                        n=     153 nnz=     2423 deg_max=    24 cv=0.32 psym=1.00
OK  HB/bcsstk06                        n=     420 nnz=     7860 deg_max=    28 cv=0.35 psym=1.00
OK  HB/bcsstk07                        n=     420 nnz=     7860 deg_max=    28 cv=0.35 psym=1.00
OK  HB/bcsstk08                        n=    1074 nnz=    12960 deg_max=   339 cv=1.75 psym=1.00
OK  HB/bcsstk09                        n=    1083 nnz=    18437 deg_max=    23 cv=0.24 psym=1.00
OK  HB/bcsstk10                        n=    1086 nnz=    22070 deg_max=    27 cv=0.28 psym=1.00
OK  HB/bcsstk11                        n=    1473 nnz=    34241 deg_max=    33 cv=0.29 psym=1.00
OK  HB/bcsstk12                        n=    1473 nnz=    34241 deg_max=    33 cv=0.29 psym=1.00
OK  HB/bcsstk13                        n=    2003 nnz=    83883 deg_max=    95 cv=0.54 psym=1.00
OK  HB/bcsstk14                        n=    1806 nnz=    63454 deg_max=    48 cv=0.27 psym=1.00
OK  HB/bcsstk15                        n=    3948 nnz=   117816 deg_max=    44 cv=0.26 psym=1.00
OK  HB/bcsstk16                        n=    4884 nnz=   290378 deg_max=    81 cv=0.29 psym=1.00
OK  HB/bcsstk17                        n=   10974 nnz=   428650 deg_max=   150 cv=0.39 psym=1.00
OK  HB/bcsstk18                        n=   11948 nnz=   149090 deg_max=    49 cv=0.61 psym=1.00
OK  HB/bcsstk19                        n=     817 nnz=     6853 deg_max=    11 cv=0.27 psym=1.00
OK  HB/bcsstk20                        n=     485 nnz=     3135 deg_max=    11 cv=0.37 psym=1.00
OK  HB/bcsstk21                        n=    3600 nnz=    26600 deg_max=     9 cv=0.15 psym=1.00
OK  HB/bcsstk22                        n=     138 nnz=      696 deg_max=     8 cv=0.37 psym=1.00
OK  HB/bcsstk23                        n=    3134 nnz=    45178 deg_max=    31 cv=0.34 psym=1.00
OK  HB/bcsstk24                        n=    3562 nnz=   159910 deg_max=    57 cv=0.26 psym=1.00
OK  HB/bcsstk25                        n=   15439 nnz=   252241 deg_max=    59 cv=0.43 psym=1.00
OK  HB/bcsstk26                        n=    1922 nnz=    30336 deg_max=    33 cv=0.36 psym=1.00
OK  HB/bcsstk27                        n=    1224 nnz=    56126 deg_max=    54 cv=0.21 psym=1.00
OK  HB/bcsstk28                        n=    4410 nnz=   219024 deg_max=    94 cv=0.19 psym=1.00
OK  HB/bcsstk29                        n=   13992 nnz=   619488 deg_max=    71 cv=0.35 psym=1.00
OK  HB/bcsstk30                        n=   28924 nnz=  2043492 deg_max=   219 cv=0.45 psym=1.00
OK  HB/bcsstk31                        n=   35588 nnz=  1181416 deg_max=   189 cv=0.46 psym=1.00
OK  HB/bcsstk32                        n=   44609 nnz=  2014701 deg_max=   216 cv=0.34 psym=1.00
OK  HB/bcsstk33                        n=    8738 nnz=   591904 deg_max=   141 cv=0.24 psym=1.00
OK  HB/bcsstm01                        n=      48 nnz=       48 deg_max=     1 cv=0.00 psym=1.00
OK  HB/bcsstm02                        n=      66 nnz=       66 deg_max=     1 cv=0.00 psym=1.00
OK  HB/bcsstm03                        n=     112 nnz=      112 deg_max=     1 cv=0.00 psym=1.00
OK  HB/bcsstm04                        n=     132 nnz=      132 deg_max=     1 cv=0.00 psym=1.00
OK  HB/bcsstm05                        n=     153 nnz=      153 deg_max=     1 cv=0.00 psym=1.00
OK  HB/bcsstm06                        n=     420 nnz=      420 deg_max=     1 cv=0.00 psym=1.00
OK  HB/bcsstm07                        n=     420 nnz=     7252 deg_max=    26 cv=0.35 psym=1.00
OK  HB/bcsstm08                        n=    1074 nnz=     1074 deg_max=     1 cv=0.00 psym=1.00
OK  HB/bcsstm09                        n=    1083 nnz=     1083 deg_max=     1 cv=0.00 psym=1.00
OK  HB/bcsstm10                        n=    1086 nnz=    22092 deg_max=    27 cv=0.28 psym=1.00
OK  HB/bcsstm11                        n=    1473 nnz=     1473 deg_max=     1 cv=0.00 psym=1.00
OK  HB/bcsstm12                        n=    1473 nnz=    19659 deg_max=    22 cv=0.39 psym=1.00
OK  HB/bcsstm13                        n=    2003 nnz=    21943 deg_max=    70 cv=1.46 psym=1.00
OK  HB/bcsstm19                        n=     817 nnz=      817 deg_max=     1 cv=0.00 psym=1.00
OK  HB/bcsstm20                        n=     485 nnz=      485 deg_max=     1 cv=0.00 psym=1.00
OK  HB/bcsstm21                        n=    3600 nnz=     3600 deg_max=     1 cv=0.00 psym=1.00
OK  HB/bcsstm22                        n=     138 nnz=      138 deg_max=     1 cv=0.00 psym=1.00
OK  HB/bcsstm23                        n=    3134 nnz=     3134 deg_max=     1 cv=0.00 psym=1.00
OK  HB/bcsstm24                        n=    3562 nnz=     3562 deg_max=     1 cv=0.00 psym=1.00
OK  HB/bcsstm25                        n=   15439 nnz=    15439 deg_max=     1 cv=0.00 psym=1.00
OK  HB/bcsstm26                        n=    1922 nnz=     1922 deg_max=     1 cv=0.00 psym=1.00
OK  HB/bcsstm27                        n=    1224 nnz=    56126 deg_max=    54 cv=0.21 psym=1.00
OK  HB/blckhole                        n=    2132 nnz=    14872 deg_max=    20 cv=0.14 psym=1.00
OK  HB/bp_0                            n=     822 nnz=     3276 deg_max=   266 cv=2.69 psym=0.01
OK  HB/bp_1000                         n=     822 nnz=     4661 deg_max=   308 cv=2.17 psym=0.01
OK  HB/bp_1200                         n=     822 nnz=     4726 deg_max=   311 cv=2.15 psym=0.01
OK  HB/bp_1400                         n=     822 nnz=     4790 deg_max=   311 cv=2.12 psym=0.01
OK  HB/bp_1600                         n=     822 nnz=     4841 deg_max=   304 cv=2.07 psym=0.01
OK  HB/bp_200                          n=     822 nnz=     3802 deg_max=   283 cv=2.46 psym=0.01
OK  HB/bp_400                          n=     822 nnz=     4028 deg_max=   295 cv=2.40 psym=0.01
OK  HB/bp_600                          n=     822 nnz=     4172 deg_max=   302 cv=2.37 psym=0.01
OK  HB/bp_800                          n=     822 nnz=     4534 deg_max=   304 cv=2.19 psym=0.01
OK  HB/can_1054                        n=    1054 nnz=    12196 deg_max=    35 cv=0.48 psym=1.00
OK  HB/can_1072                        n=    1072 nnz=    12444 deg_max=    35 cv=0.49 psym=1.00
OK  HB/can_144                         n=     144 nnz=     1296 deg_max=    15 cv=0.33 psym=1.00
OK  HB/can_161                         n=     161 nnz=     1377 deg_max=    17 cv=0.14 psym=1.00
OK  HB/can_187                         n=     187 nnz=     1491 deg_max=    10 cv=0.18 psym=1.00
OK  HB/can_229                         n=     229 nnz=     1777 deg_max=    13 cv=0.27 psym=1.00
OK  HB/can_24                          n=      24 nnz=      160 deg_max=     9 cv=0.27 psym=1.00
OK  HB/can_256                         n=     256 nnz=     2916 deg_max=    83 cv=0.63 psym=1.00
OK  HB/can_268                         n=     268 nnz=     3082 deg_max=    37 cv=0.50 psym=1.00
OK  HB/can_292                         n=     292 nnz=     2540 deg_max=    35 cv=0.62 psym=1.00
OK  HB/can_445                         n=     445 nnz=     3809 deg_max=    13 cv=0.15 psym=1.00
OK  HB/can_61                          n=      61 nnz=      557 deg_max=    25 cv=0.42 psym=1.00
OK  HB/can_62                          n=      62 nnz=      218 deg_max=     7 cv=0.29 psym=1.00
OK  HB/can_634                         n=     634 nnz=     7228 deg_max=    28 cv=0.34 psym=1.00
OK  HB/can_715                         n=     715 nnz=     6665 deg_max=   105 cv=0.63 psym=1.00
OK  HB/can_73                          n=      73 nnz=      377 deg_max=     9 cv=0.42 psym=1.00
OK  HB/can_838                         n=     838 nnz=    10010 deg_max=    32 cv=0.52 psym=1.00
OK  HB/can_96                          n=      96 nnz=      768 deg_max=     9 cv=0.18 psym=1.00
