OK  Gset/G57                           n=    5000 nnz=    20000 deg_max=     4 cv=0.00 psym=1.00
OK  HB/sherman3                        n=    5005 nnz=    20033 deg_max=     7 cv=0.67 psym=1.00
OK  Shyy/shyy41                        n=    4720 nnz=    20042 deg_max=     6 cv=0.30 psym=0.77
OK  Bai/rw5151                         n=    5151 nnz=    20199 deg_max=     4 cv=0.09 psym=0.49
OK  SNAP/CollegeMsg                    n=    1899 nnz=    20296 deg_max=   237 cv=2.05 psym=0.64
OK  Oberwolfach/t3dl_e                 n=   20360 nnz=    20360 deg_max=     1 cv=0.00 psym=1.00
OK  Schenk_IBMNA/c-20                  n=    2921 nnz=    22685 deg_max=   158 cv=1.62 psym=1.00
OK  SNAP/p2p-Gnutella08                n=    6301 nnz=    20777 deg_max=    48 cv=1.43 psym=0.00
OK  Wang/swang1                        n=    3169 nnz=    20841 deg_max=    10 cv=0.14 psym=1.00
OK  Bomhof/circuit_2                   n=    4510 nnz=    21199 deg_max=  1274 cv=4.79 psym=0.85
OK  TOKAMAK/utm1700b                   n=    1700 nnz=    21509 deg_max=    29 cv=0.53 psym=0.56
OK  Hamrle/Hamrle2                     n=    5952 nnz=    22162 deg_max=     5 cv=0.38 psym=0.00
OK  Rommes/bips98_606                  n=    7135 nnz=    34738 deg_max=    30 cv=0.68 psym=0.93
OK  SNAP/soc-sign-bitcoin-otc          n=    5881 nnz=    35592 deg_max=   763 cv=3.48 psym=0.79
OK  Rommes/bips07_1693                 n=   13275 nnz=    49044 deg_max=    30 cv=0.76 psym=0.78
OK  DRIVCAV/cavity10                   n=    2597 nnz=    76367 deg_max=    62 cv=0.51 psym=0.94
OK  Shen/shermanACb                    n=   18510 nnz=   145149 deg_max= 10405 cv=12.75 psym=0.26
OK  VDOL/lowThrust_7                   n=   17378 nnz=   211561 deg_max=  6757 cv=5.95 psym=1.00
OK  Mallya/lhr10                       n=   10672 nnz=   232633 deg_max=    63 cv=1.21 psym=0.01
OK  ML_Graph/worms20_10NN              n=   20055 nnz=   240826 deg_max=    19 cv=0.13 psym=1.00
OK  Cylshell/s1rmq4m1                  n=    5489 nnz=   281111 deg_max=    54 cv=0.14 psym=1.00
OK  Oberwolfach/inlet                  n=   11730 nnz=   328323 deg_max=    41 cv=0.28 psym=0.62
OK  GHS_indef/ncvxbqp1                 n=   50000 nnz=   349968 deg_max=     9 cv=0.29 psym=1.00
OK  SNAP/email-EuAll                   n=  265214 nnz=   420045 deg_max=   930 cv=6.30 psym=0.26
OK  Rajat/rajat18                      n=   94294 nnz=   485143 deg_max= 28747 cv=18.84 psym=0.70
OK  Rajat/rajat25                      n=   87190 nnz=   607235 deg_max= 29105 cv=14.64 psym=0.99
OK  TSOPF/TSOPF_RS_b39_c19             n=   38098 nnz=   684206 deg_max=    32 cv=0.78 psym=0.11
OK  QLi/crashbasis                     n=  160000 nnz=  1750416 deg_max=    11 cv=0.04 psym=0.59
OK  QLi/majorbasis                     n=  160000 nnz=  1750416 deg_max=    11 cv=0.04 psym=0.59
OK  VanVelzen/Zd_Jac3                  n=   22835 nnz=  1916152 deg_max=  1050 cv=2.28 psym=0.00
OK  Rajat/rajat29                      n=  643994 nnz=  4866270 deg_max=454521 cv=102.42 psym=0.93
OK  Raju/laminar_duct3D                n=   67173 nnz=  3833077 deg_max=    89 cv=0.66 psym=0.90
OK  SNAP/web-Google                    n=  916428 nnz=  5105039 deg_max=   456 cv=1.18 psym=0.31
OK  LAW/amazon-2008                    n=  735323 nnz=  5158388 deg_max=    10 cv=0.56 psym=0.63
OK  QLi/largebasis                     n=  440020 nnz=  5560100 deg_max=    14 cv=0.09 psym=1.00
OK  Muite/Chebyshev4                   n=   68121 nnz=  5377761 deg_max= 68121 cv=13.45 psym=0.31
OK  VLSI/radiation                     n=  223104 nnz=  7637688 deg_max=  3498 cv=0.44 psym=0.64
OK  Goodwin/Goodwin_127                n=  178437 nnz=  5778545 deg_max=    62 cv=0.49 psym=0.99
OK  ATandT/pre2                        n=  659033 nnz=  5959282 deg_max=   628 cv=2.45 psym=0.37
OK  PARSEC/Ga3As3H12                   n=   61349 nnz=  5970947 deg_max=  1622 cv=2.31 psym=1.00
OK  SNAP/com-Youtube                   n= 1134890 nnz=  5975248 deg_max= 28754 cv=9.64 psym=1.00
